66.249.69.30 - - [21/Nov/2014:21:21:28 +0000] "GET /event.ics HTTP/1.1" 200 234 "-" "Mozilla/5.0 (compatible; Googlebot/2.1; +http://www.google.com/bot.html)"
66.249.69.30 - - [21/Nov/2014:21:31:57 +0000] "GET /index.html HTTP/1.1" 200 4300 "-" "Mozilla/5.0 (compatible; Googlebot/2.1; +http://www.google.com/bot.html)"
66.249.69.30 - - [21/Nov/2014:21:33:09 +0000] "GET /agenda.html HTTP/1.1" 200 3213 "-" "Mozilla/5.0 (compatible; Googlebot/2.1; +http://www.google.com/bot.html)"
66.249.69.62 - - [21/Nov/2014:21:34:14 +0000] "GET /faculty.html HTTP/1.1" 200 5240 "-" "Mozilla/5.0 (compatible; Googlebot/2.1; +http://www.google.com/bot.html)"
203.81.11.135 - - [21/Nov/2014:22:14:47 +0000] "GET / HTTP/1.0" 200 4300 "-" "Mozilla/4.0 (compatible; MSIE 8.0; Windows NT 5.1; Trident/4.0; Mozilla/4.0 (compatible; MSIE 6.0; Windows NT 5.1; SV1) ; InfoPath.2; .NET CLR 2.0.50727; .NET CLR 1.1.4322; .NET CLR 3.0.4506.2152; .NET CLR 3.5.30729)"
206.183.1.74 - - [21/Nov/2014:22:17:24 +0000] "GET /robots.txt HTTP/1.1" 404 308 "-" "Mozilla/4.0 (compatible; http://search.thunderstone.com/texis/websearch/about.html)"
206.183.1.74 - - [21/Nov/2014:22:17:24 +0000] "GET / HTTP/1.1" 200 4300 "-" "Mozilla/4.0 (compatible; http://search.thunderstone.com/texis/websearch/about.html)"
206.183.1.74 - - [21/Nov/2014:22:17:24 +0000] "GET /agenda.html HTTP/1.1" 200 3213 "-" "Mozilla/4.0 (compatible; http://search.thunderstone.com/texis/websearch/about.html)"
206.183.1.74 - - [21/Nov/2014:22:17:24 +0000] "GET /faculty.html HTTP/1.1" 200 5240 "-" "Mozilla/4.0 (compatible; http://search.thunderstone.com/texis/websearch/about.html)"
206.183.1.74 - - [21/Nov/2014:22:17:25 +0000] "GET /venue.html HTTP/1.1" 200 3355 "-" "Mozilla/4.0 (compatible; http://search.thunderstone.com/texis/websearch/about.html)"
203.81.11.135 - - [22/Nov/2014:01:37:29 +0000] "GET / HTTP/1.0" 200 4300 "-" "Mozilla/4.0 (compatible; MSIE 8.0; Windows NT 5.1; Trident/4.0; Mozilla/4.0 (compatible; MSIE 6.0; Windows NT 5.1; SV1) ; InfoPath.2; .NET CLR 2.0.50727; .NET CLR 1.1.4322; .NET CLR 3.0.4506.2152; .NET CLR 3.5.30729)"
203.81.11.135 - - [22/Nov/2014:04:55:53 +0000] "GET / HTTP/1.0" 200 4300 "-" "Mozilla/4.0 (compatible; MSIE 8.0; Windows NT 5.1; Trident/4.0; Mozilla/4.0 (compatible; MSIE 6.0; Windows NT 5.1; SV1) ; InfoPath.2; .NET CLR 2.0.50727; .NET CLR 1.1.4322; .NET CLR 3.0.4506.2152; .NET CLR 3.5.30729)"
66.249.69.30 - - [22/Nov/2014:06:31:07 +0000] "GET /venue.html HTTP/1.1" 200 3355 "-" "Mozilla/5.0 (compatible; Googlebot/2.1; +http://www.google.com/bot.html)"
66.249.69.46 - - [22/Nov/2014:06:36:00 +0000] "GET /pnh.css HTTP/1.1" 200 3121 "http://alexion-ash-evening-lecture.com/" "Mozilla/5.0 (compatible; Googlebot/2.1; +http://www.google.com/bot.html)"
203.81.11.135 - - [22/Nov/2014:08:16:17 +0000] "GET / HTTP/1.0" 200 4300 "-" "Mozilla/4.0 (compatible; MSIE 8.0; Windows NT 5.1; Trident/4.0; Mozilla/4.0 (compatible; MSIE 6.0; Windows NT 5.1; SV1) ; InfoPath.2; .NET CLR 2.0.50727; .NET CLR 1.1.4322; .NET CLR 3.0.4506.2152; .NET CLR 3.5.30729)"
203.81.11.135 - - [22/Nov/2014:11:37:39 +0000] "GET / HTTP/1.0" 200 4300 "-" "Mozilla/4.0 (compatible; MSIE 8.0; Windows NT 5.1; Trident/4.0; Mozilla/4.0 (compatible; MSIE 6.0; Windows NT 5.1; SV1) ; InfoPath.2; .NET CLR 2.0.50727; .NET CLR 1.1.4322; .NET CLR 3.0.4506.2152; .NET CLR 3.5.30729)"
203.81.11.135 - - [22/Nov/2014:15:06:25 +0000] "GET / HTTP/1.0" 200 4300 "-" "Mozilla/4.0 (compatible; MSIE 8.0; Windows NT 5.1; Trident/4.0; Mozilla/4.0 (compatible; MSIE 6.0; Windows NT 5.1; SV1) ; InfoPath.2; .NET CLR 2.0.50727; .NET CLR 1.1.4322; .NET CLR 3.0.4506.2152; .NET CLR 3.5.30729)"
203.81.11.135 - - [22/Nov/2014:21:27:51 +0000] "GET / HTTP/1.0" 200 4300 "-" "Mozilla/4.0 (compatible; MSIE 8.0; Windows NT 5.1; Trident/4.0; Mozilla/4.0 (compatible; MSIE 6.0; Windows NT 5.1; SV1) ; InfoPath.2; .NET CLR 2.0.50727; .NET CLR 1.1.4322; .NET CLR 3.0.4506.2152; .NET CLR 3.5.30729)"
203.81.11.135 - - [22/Nov/2014:23:22:46 +0000] "GET / HTTP/1.0" 200 4300 "-" "Mozilla/4.0 (compatible; MSIE 8.0; Windows NT 5.1; Trident/4.0; Mozilla/4.0 (compatible; MSIE 6.0; Windows NT 5.1; SV1) ; InfoPath.2; .NET CLR 2.0.50727; .NET CLR 1.1.4322; .NET CLR 3.0.4506.2152; .NET CLR 3.5.30729)"
203.81.11.135 - - [23/Nov/2014:02:55:22 +0000] "GET / HTTP/1.0" 200 4300 "-" "Mozilla/4.0 (compatible; MSIE 8.0; Windows NT 5.1; Trident/4.0; Mozilla/4.0 (compatible; MSIE 6.0; Windows NT 5.1; SV1) ; InfoPath.2; .NET CLR 2.0.50727; .NET CLR 1.1.4322; .NET CLR 3.0.4506.2152; .NET CLR 3.5.30729)"
203.81.11.135 - - [23/Nov/2014:06:26:35 +0000] "GET / HTTP/1.0" 200 4300 "-" "Mozilla/4.0 (compatible; MSIE 8.0; Windows NT 5.1; Trident/4.0; Mozilla/4.0 (compatible; MSIE 6.0; Windows NT 5.1; SV1) ; InfoPath.2; .NET CLR 2.0.50727; .NET CLR 1.1.4322; .NET CLR 3.0.4506.2152; .NET CLR 3.5.30729)"
66.249.69.62 - - [23/Nov/2014:08:41:17 +0000] "GET /robots.txt HTTP/1.1" 404 304 "-" "Mozilla/5.0 (compatible; Googlebot/2.1; +http://www.google.com/bot.html)"
66.249.69.30 - - [23/Nov/2014:08:41:17 +0000] "GET / HTTP/1.1" 200 4300 "-" "Googlebot/2.1 (+http://www.google.com/bot.html)"
203.81.11.135 - - [23/Nov/2014:09:59:02 +0000] "GET / HTTP/1.0" 200 4300 "-" "Mozilla/4.0 (compatible; MSIE 8.0; Windows NT 5.1; Trident/4.0; Mozilla/4.0 (compatible; MSIE 6.0; Windows NT 5.1; SV1) ; InfoPath.2; .NET CLR 2.0.50727; .NET CLR 1.1.4322; .NET CLR 3.0.4506.2152; .NET CLR 3.5.30729)"
203.81.11.135 - - [23/Nov/2014:13:40:59 +0000] "GET / HTTP/1.0" 200 4300 "-" "Mozilla/4.0 (compatible; MSIE 8.0; Windows NT 5.1; Trident/4.0; Mozilla/4.0 (compatible; MSIE 6.0; Windows NT 5.1; SV1) ; InfoPath.2; .NET CLR 2.0.50727; .NET CLR 1.1.4322; .NET CLR 3.0.4506.2152; .NET CLR 3.5.30729)"
203.81.11.135 - - [23/Nov/2014:17:28:53 +0000] "GET / HTTP/1.0" 200 4300 "-" "Mozilla/4.0 (compatible; MSIE 8.0; Windows NT 5.1; Trident/4.0; Mozilla/4.0 (compatible; MSIE 6.0; Windows NT 5.1; SV1) ; InfoPath.2; .NET CLR 2.0.50727; .NET CLR 1.1.4322; .NET CLR 3.0.4506.2152; .NET CLR 3.5.30729)"
66.249.69.62 - - [23/Nov/2014:19:09:29 +0000] "GET /faculty.html HTTP/1.1" 304 - "-" "Mozilla/5.0 (compatible; Googlebot/2.1; +http://www.google.com/bot.html)"
66.249.69.30 - - [23/Nov/2014:19:22:11 +0000] "GET /faculty.html HTTP/1.1" 304 - "-" "Mozilla/5.0 (compatible; Googlebot/2.1; +http://www.google.com/bot.html)"
66.249.69.46 - - [23/Nov/2014:19:29:38 +0000] "GET /faculty.html HTTP/1.1" 304 - "-" "Mozilla/5.0 (compatible; Googlebot/2.1; +http://www.google.com/bot.html)"
66.249.69.30 - - [23/Nov/2014:19:38:13 +0000] "GET /faculty.html HTTP/1.1" 304 - "-" "Mozilla/5.0 (compatible; Googlebot/2.1; +http://www.google.com/bot.html)"
66.249.69.62 - - [23/Nov/2014:19:46:16 +0000] "GET /faculty.html HTTP/1.1" 304 - "-" "Mozilla/5.0 (compatible; Googlebot/2.1; +http://www.google.com/bot.html)"
66.249.69.46 - - [23/Nov/2014:19:54:25 +0000] "GET /faculty.html HTTP/1.1" 304 - "-" "Mozilla/5.0 (compatible; Googlebot/2.1; +http://www.google.com/bot.html)"
66.249.69.30 - - [23/Nov/2014:20:08:48 +0000] "GET /faculty.html HTTP/1.1" 304 - "-" "Mozilla/5.0 (compatible; Googlebot/2.1; +http://www.google.com/bot.html)"
203.81.11.135 - - [23/Nov/2014:20:23:13 +0000] "GET / HTTP/1.0" 200 4300 "-" "Mozilla/4.0 (compatible; MSIE 8.0; Windows NT 5.1; Trident/4.0; Mozilla/4.0 (compatible; MSIE 6.0; Windows NT 5.1; SV1) ; InfoPath.2; .NET CLR 2.0.50727; .NET CLR 1.1.4322; .NET CLR 3.0.4506.2152; .NET CLR 3.5.30729)"
65.181.124.121 - - [23/Nov/2014:22:38:22 +0000] "GET / HTTP/1.1" 200 4300 "-" "AdnormCrawler www.adnorm.com/crawler"
65.181.124.121 - - [23/Nov/2014:22:38:25 +0000] "GET /robots.txt HTTP/1.1" 404 308 "-" "AdnormCrawler www.adnorm.com/crawler"
203.81.11.135 - - [24/Nov/2014:00:21:41 +0000] "GET / HTTP/1.0" 200 4300 "-" "Mozilla/4.0 (compatible; MSIE 8.0; Windows NT 5.1; Trident/4.0; Mozilla/4.0 (compatible; MSIE 6.0; Windows NT 5.1; SV1) ; InfoPath.2; .NET CLR 2.0.50727; .NET CLR 1.1.4322; .NET CLR 3.0.4506.2152; .NET CLR 3.5.30729)"
203.81.11.135 - - [24/Nov/2014:04:07:59 +0000] "GET / HTTP/1.0" 200 4300 "-" "Mozilla/4.0 (compatible; MSIE 8.0; Windows NT 5.1; Trident/4.0; Mozilla/4.0 (compatible; MSIE 6.0; Windows NT 5.1; SV1) ; InfoPath.2; .NET CLR 2.0.50727; .NET CLR 1.1.4322; .NET CLR 3.0.4506.2152; .NET CLR 3.5.30729)"
66.249.69.46 - - [24/Nov/2014:05:48:45 +0000] "GET /robots.txt HTTP/1.1" 404 304 "-" "Mozilla/5.0 (compatible; Googlebot/2.1; +http://www.google.com/bot.html)"
66.249.69.46 - - [24/Nov/2014:05:48:45 +0000] "GET /faculty.html HTTP/1.1" 200 5240 "-" "Mozilla/5.0 (iPhone; CPU iPhone OS 6_0 like Mac OS X) AppleWebKit/536.26 (KHTML, like Gecko) Version/6.0 Mobile/10A5376e Safari/8536.25 (compatible; Googlebot/2.1; +http://www.google.com/bot.html)"
203.81.11.135 - - [24/Nov/2014:07:49:42 +0000] "GET / HTTP/1.0" 200 4300 "-" "Mozilla/4.0 (compatible; MSIE 8.0; Windows NT 5.1; Trident/4.0; Mozilla/4.0 (compatible; MSIE 6.0; Windows NT 5.1; SV1) ; InfoPath.2; .NET CLR 2.0.50727; .NET CLR 1.1.4322; .NET CLR 3.0.4506.2152; .NET CLR 3.5.30729)"
66.249.69.62 - - [24/Nov/2014:08:14:07 +0000] "GET / HTTP/1.1" 304 - "-" "Mozilla/5.0 (compatible; Googlebot/2.1; +http://www.google.com/bot.html)"
66.249.69.46 - - [24/Nov/2014:08:31:59 +0000] "GET / HTTP/1.1" 200 4300 "-" "Mozilla/5.0 (compatible; Googlebot/2.1; +http://www.google.com/bot.html)"
92.42.148.196 - - [24/Nov/2014:09:22:44 +0000] "GET / HTTP/1.1" 200 4300 "-" "Mozilla/5.0 (Windows NT 6.1; WOW64; Trident/7.0; rv:11.0) like Gecko"
92.42.148.196 - - [24/Nov/2014:09:22:44 +0000] "GET /pnh.css HTTP/1.1" 200 3121 "http://www.alexion-ash-evening-lecture.com/" "Mozilla/5.0 (Windows NT 6.1; WOW64; Trident/7.0; rv:11.0) like Gecko"
92.42.148.196 - - [24/Nov/2014:09:22:44 +0000] "GET /cal.png HTTP/1.1" 200 899 "http://www.alexion-ash-evening-lecture.com/" "Mozilla/5.0 (Windows NT 6.1; WOW64; Trident/7.0; rv:11.0) like Gecko"
92.42.148.196 - - [24/Nov/2014:09:22:44 +0000] "GET /anita-hill-sig.png HTTP/1.1" 200 6260 "http://www.alexion-ash-evening-lecture.com/" "Mozilla/5.0 (Windows NT 6.1; WOW64; Trident/7.0; rv:11.0) like Gecko"
92.42.148.196 - - [24/Nov/2014:09:22:44 +0000] "GET /regis-peffault-sig.png HTTP/1.1" 200 17636 "http://www.alexion-ash-evening-lecture.com/" "Mozilla/5.0 (Windows NT 6.1; WOW64; Trident/7.0; rv:11.0) like Gecko"
92.42.148.196 - - [24/Nov/2014:09:22:45 +0000] "GET /active.png HTTP/1.1" 200 3305 "http://www.alexion-ash-evening-lecture.com/" "Mozilla/5.0 (Windows NT 6.1; WOW64; Trident/7.0; rv:11.0) like Gecko"
92.42.148.196 - - [24/Nov/2014:09:22:45 +0000] "GET /header-home.jpg HTTP/1.1" 200 145816 "http://www.alexion-ash-evening-lecture.com/" "Mozilla/5.0 (Windows NT 6.1; WOW64; Trident/7.0; rv:11.0) like Gecko"
92.42.148.196 - - [24/Nov/2014:09:22:46 +0000] "GET /favicon.ico HTTP/1.1" 404 309 "-" "Mozilla/5.0 (Windows NT 6.1; Win64; x64; Trident/7.0; rv:11.0) like Gecko"
92.42.148.196 - - [24/Nov/2014:09:22:50 +0000] "GET /agenda.html HTTP/1.1" 200 3213 "http://www.alexion-ash-evening-lecture.com/" "Mozilla/5.0 (Windows NT 6.1; WOW64; Trident/7.0; rv:11.0) like Gecko"
92.42.148.196 - - [24/Nov/2014:09:22:50 +0000] "GET /header.jpg HTTP/1.1" 200 14991 "http://www.alexion-ash-evening-lecture.com/agenda.html" "Mozilla/5.0 (Windows NT 6.1; WOW64; Trident/7.0; rv:11.0) like Gecko"
92.42.148.196 - - [24/Nov/2014:09:22:50 +0000] "GET /favicon.ico HTTP/1.1" 404 309 "-" "Mozilla/5.0 (Windows NT 6.1; Win64; x64; Trident/7.0; rv:11.0) like Gecko"
92.42.148.196 - - [24/Nov/2014:09:22:52 +0000] "GET /faculty.html HTTP/1.1" 200 5240 "http://www.alexion-ash-evening-lecture.com/agenda.html" "Mozilla/5.0 (Windows NT 6.1; WOW64; Trident/7.0; rv:11.0) like Gecko"
92.42.148.196 - - [24/Nov/2014:09:22:52 +0000] "GET /anita-hill.jpg HTTP/1.1" 200 8783 "http://www.alexion-ash-evening-lecture.com/faculty.html" "Mozilla/5.0 (Windows NT 6.1; WOW64; Trident/7.0; rv:11.0) like Gecko"
92.42.148.196 - - [24/Nov/2014:09:22:53 +0000] "GET /regis-peffault.jpg HTTP/1.1" 200 16877 "http://www.alexion-ash-evening-lecture.com/faculty.html" "Mozilla/5.0 (Windows NT 6.1; WOW64; Trident/7.0; rv:11.0) like Gecko"
92.42.148.196 - - [24/Nov/2014:09:22:55 +0000] "GET /venue.html HTTP/1.1" 200 3355 "http://www.alexion-ash-evening-lecture.com/faculty.html" "Mozilla/5.0 (Windows NT 6.1; WOW64; Trident/7.0; rv:11.0) like Gecko"
92.42.148.196 - - [24/Nov/2014:09:23:32 +0000] "GET /event.ics HTTP/1.1" 200 234 "http://www.alexion-ash-evening-lecture.com/venue.html" "Mozilla/5.0 (Windows NT 6.1; WOW64; Trident/7.0; rv:11.0) like Gecko"
92.42.148.196 - - [24/Nov/2014:09:23:41 +0000] "GET /event.ics HTTP/1.1" 200 234 "http://www.alexion-ash-evening-lecture.com/venue.html" "Mozilla/5.0 (Windows NT 6.1; WOW64; Trident/7.0; rv:11.0) like Gecko"
212.243.225.5 - - [24/Nov/2014:10:33:39 +0000] "GET / HTTP/1.1" 200 4300 "-" "Mozilla/5.0 (compatible; MSIE 9.0; Windows NT 6.1; WOW64; Trident/5.0)"
212.243.225.5 - - [24/Nov/2014:10:33:39 +0000] "GET /pnh.css HTTP/1.1" 200 3121 "http://www.alexion-ash-evening-lecture.com/" "Mozilla/5.0 (compatible; MSIE 9.0; Windows NT 6.1; WOW64; Trident/5.0)"
212.243.225.5 - - [24/Nov/2014:10:33:39 +0000] "GET /cal.png HTTP/1.1" 200 899 "http://www.alexion-ash-evening-lecture.com/" "Mozilla/5.0 (compatible; MSIE 9.0; Windows NT 6.1; WOW64; Trident/5.0)"
212.243.225.5 - - [24/Nov/2014:10:33:39 +0000] "GET /regis-peffault-sig.png HTTP/1.1" 200 17636 "http://www.alexion-ash-evening-lecture.com/" "Mozilla/5.0 (compatible; MSIE 9.0; Windows NT 6.1; WOW64; Trident/5.0)"
212.243.225.5 - - [24/Nov/2014:10:33:39 +0000] "GET /anita-hill-sig.png HTTP/1.1" 200 6260 "http://www.alexion-ash-evening-lecture.com/" "Mozilla/5.0 (compatible; MSIE 9.0; Windows NT 6.1; WOW64; Trident/5.0)"
212.243.225.5 - - [24/Nov/2014:10:33:39 +0000] "GET /active.png HTTP/1.1" 200 3305 "http://www.alexion-ash-evening-lecture.com/" "Mozilla/5.0 (compatible; MSIE 9.0; Windows NT 6.1; WOW64; Trident/5.0)"
212.243.225.5 - - [24/Nov/2014:10:33:39 +0000] "GET /header-home.jpg HTTP/1.1" 200 145816 "http://www.alexion-ash-evening-lecture.com/" "Mozilla/5.0 (compatible; MSIE 9.0; Windows NT 6.1; WOW64; Trident/5.0)"
212.243.225.5 - - [24/Nov/2014:10:33:40 +0000] "GET /favicon.ico HTTP/1.1" 404 309 "-" "Mozilla/5.0 (compatible; MSIE 9.0; Windows NT 6.1; WOW64; Trident/5.0)"
212.243.225.5 - - [24/Nov/2014:10:33:41 +0000] "GET /event.ics HTTP/1.1" 200 234 "http://www.alexion-ash-evening-lecture.com/" "Mozilla/5.0 (compatible; MSIE 9.0; Windows NT 6.1; WOW64; Trident/5.0)"
212.243.225.5 - - [24/Nov/2014:10:34:14 +0000] "GET /venue.html HTTP/1.1" 200 3355 "http://www.alexion-ash-evening-lecture.com/" "Mozilla/5.0 (compatible; MSIE 9.0; Windows NT 6.1; WOW64; Trident/5.0)"
212.243.225.5 - - [24/Nov/2014:10:34:14 +0000] "GET /header.jpg HTTP/1.1" 200 14991 "http://www.alexion-ash-evening-lecture.com/venue.html" "Mozilla/5.0 (compatible; MSIE 9.0; Windows NT 6.1; WOW64; Trident/5.0)"
212.243.225.5 - - [24/Nov/2014:10:34:15 +0000] "GET /favicon.ico HTTP/1.1" 404 309 "-" "Mozilla/5.0 (compatible; MSIE 9.0; Windows NT 6.1; WOW64; Trident/5.0)"
212.243.225.5 - - [24/Nov/2014:10:34:23 +0000] "GET /faculty.html HTTP/1.1" 200 5240 "http://www.alexion-ash-evening-lecture.com/venue.html" "Mozilla/5.0 (compatible; MSIE 9.0; Windows NT 6.1; WOW64; Trident/5.0)"
212.243.225.5 - - [24/Nov/2014:10:34:23 +0000] "GET /anita-hill.jpg HTTP/1.1" 200 8783 "http://www.alexion-ash-evening-lecture.com/faculty.html" "Mozilla/5.0 (compatible; MSIE 9.0; Windows NT 6.1; WOW64; Trident/5.0)"
212.243.225.5 - - [24/Nov/2014:10:34:23 +0000] "GET /regis-peffault.jpg HTTP/1.1" 200 16877 "http://www.alexion-ash-evening-lecture.com/faculty.html" "Mozilla/5.0 (compatible; MSIE 9.0; Windows NT 6.1; WOW64; Trident/5.0)"
212.243.225.5 - - [24/Nov/2014:10:34:27 +0000] "GET /agenda.html HTTP/1.1" 200 3213 "http://www.alexion-ash-evening-lecture.com/faculty.html" "Mozilla/5.0 (compatible; MSIE 9.0; Windows NT 6.1; WOW64; Trident/5.0)"
212.243.225.5 - - [24/Nov/2014:10:34:29 +0000] "GET /index.html HTTP/1.1" 200 4300 "http://www.alexion-ash-evening-lecture.com/agenda.html" "Mozilla/5.0 (compatible; MSIE 9.0; Windows NT 6.1; WOW64; Trident/5.0)"
212.243.225.5 - - [24/Nov/2014:10:37:43 +0000] "GET /event.ics HTTP/1.1" 200 234 "http://www.alexion-ash-evening-lecture.com/" "Mozilla/5.0 (compatible; MSIE 9.0; Windows NT 6.1; WOW64; Trident/5.0)"
188.29.164.177 - - [24/Nov/2014:10:56:48 +0000] "GET / HTTP/1.1" 200 4300 "-" "Mozilla/5.0 (Macintosh; Intel Mac OS X 10_9_5) AppleWebKit/537.36 (KHTML, like Gecko) Chrome/41.0.2228.2 Safari/537.36"
188.29.164.177 - - [24/Nov/2014:10:56:48 +0000] "GET /cal.png HTTP/1.1" 200 899 "http://www.alexion-ash-evening-lecture.com/" "Mozilla/5.0 (Macintosh; Intel Mac OS X 10_9_5) AppleWebKit/537.36 (KHTML, like Gecko) Chrome/41.0.2228.2 Safari/537.36"
188.29.164.177 - - [24/Nov/2014:10:56:48 +0000] "GET /pnh.css HTTP/1.1" 200 3121 "http://www.alexion-ash-evening-lecture.com/" "Mozilla/5.0 (Macintosh; Intel Mac OS X 10_9_5) AppleWebKit/537.36 (KHTML, like Gecko) Chrome/41.0.2228.2 Safari/537.36"
188.29.164.177 - - [24/Nov/2014:10:56:48 +0000] "GET /anita-hill-sig.png HTTP/1.1" 200 6260 "http://www.alexion-ash-evening-lecture.com/" "Mozilla/5.0 (Macintosh; Intel Mac OS X 10_9_5) AppleWebKit/537.36 (KHTML, like Gecko) Chrome/41.0.2228.2 Safari/537.36"
188.29.164.177 - - [24/Nov/2014:10:56:49 +0000] "GET /regis-peffault-sig.png HTTP/1.1" 200 17636 "http://www.alexion-ash-evening-lecture.com/" "Mozilla/5.0 (Macintosh; Intel Mac OS X 10_9_5) AppleWebKit/537.36 (KHTML, like Gecko) Chrome/41.0.2228.2 Safari/537.36"
188.29.164.177 - - [24/Nov/2014:10:56:49 +0000] "GET /active.png HTTP/1.1" 200 3305 "http://www.alexion-ash-evening-lecture.com/pnh.css" "Mozilla/5.0 (Macintosh; Intel Mac OS X 10_9_5) AppleWebKit/537.36 (KHTML, like Gecko) Chrome/41.0.2228.2 Safari/537.36"
188.29.164.177 - - [24/Nov/2014:10:56:49 +0000] "GET /header-home.jpg HTTP/1.1" 200 145816 "http://www.alexion-ash-evening-lecture.com/pnh.css" "Mozilla/5.0 (Macintosh; Intel Mac OS X 10_9_5) AppleWebKit/537.36 (KHTML, like Gecko) Chrome/41.0.2228.2 Safari/537.36"
188.29.164.177 - - [24/Nov/2014:10:56:50 +0000] "GET /event.ics HTTP/1.1" 200 234 "http://www.alexion-ash-evening-lecture.com/" "Mozilla/5.0 (Macintosh; Intel Mac OS X 10_9_5) AppleWebKit/537.36 (KHTML, like Gecko) Chrome/41.0.2228.2 Safari/537.36"
188.29.164.177 - - [24/Nov/2014:10:56:50 +0000] "GET /favicon.ico HTTP/1.1" 404 309 "-" "Mozilla/5.0 (Macintosh; Intel Mac OS X 10_9_5) AppleWebKit/537.36 (KHTML, like Gecko) Chrome/41.0.2228.2 Safari/537.36"
203.81.11.135 - - [24/Nov/2014:11:25:40 +0000] "GET / HTTP/1.0" 200 4300 "-" "Mozilla/4.0 (compatible; MSIE 8.0; Windows NT 5.1; Trident/4.0; Mozilla/4.0 (compatible; MSIE 6.0; Windows NT 5.1; SV1) ; InfoPath.2; .NET CLR 2.0.50727; .NET CLR 1.1.4322; .NET CLR 3.0.4506.2152; .NET CLR 3.5.30729)"
203.81.11.135 - - [24/Nov/2014:15:05:18 +0000] "GET / HTTP/1.0" 200 4300 "-" "Mozilla/4.0 (compatible; MSIE 8.0; Windows NT 5.1; Trident/4.0; Mozilla/4.0 (compatible; MSIE 6.0; Windows NT 5.1; SV1) ; InfoPath.2; .NET CLR 2.0.50727; .NET CLR 1.1.4322; .NET CLR 3.0.4506.2152; .NET CLR 3.5.30729)"
188.29.165.27 - - [24/Nov/2014:15:19:09 +0000] "GET / HTTP/1.1" 200 4300 "-" "Mozilla/5.0 (Macintosh; Intel Mac OS X 10_9_5) AppleWebKit/600.1.17 (KHTML, like Gecko) Version/7.1 Safari/537.85.10"
188.29.165.27 - - [24/Nov/2014:15:19:10 +0000] "GET /pnh.css HTTP/1.1" 200 3121 "http://www.alexion-ash-evening-lecture.com/" "Mozilla/5.0 (Macintosh; Intel Mac OS X 10_9_5) AppleWebKit/600.1.17 (KHTML, like Gecko) Version/7.1 Safari/537.85.10"
188.29.165.27 - - [24/Nov/2014:15:19:10 +0000] "GET /cal.png HTTP/1.1" 200 899 "http://www.alexion-ash-evening-lecture.com/" "Mozilla/5.0 (Macintosh; Intel Mac OS X 10_9_5) AppleWebKit/600.1.17 (KHTML, like Gecko) Version/7.1 Safari/537.85.10"
188.29.165.27 - - [24/Nov/2014:15:19:10 +0000] "GET /regis-peffault-sig.png HTTP/1.1" 200 17636 "http://www.alexion-ash-evening-lecture.com/" "Mozilla/5.0 (Macintosh; Intel Mac OS X 10_9_5) AppleWebKit/600.1.17 (KHTML, like Gecko) Version/7.1 Safari/537.85.10"
188.29.165.27 - - [24/Nov/2014:15:19:10 +0000] "GET /anita-hill-sig.png HTTP/1.1" 200 6260 "http://www.alexion-ash-evening-lecture.com/" "Mozilla/5.0 (Macintosh; Intel Mac OS X 10_9_5) AppleWebKit/600.1.17 (KHTML, like Gecko) Version/7.1 Safari/537.85.10"
188.29.165.27 - - [24/Nov/2014:15:19:10 +0000] "GET /active.png HTTP/1.1" 200 3305 "http://www.alexion-ash-evening-lecture.com/" "Mozilla/5.0 (Macintosh; Intel Mac OS X 10_9_5) AppleWebKit/600.1.17 (KHTML, like Gecko) Version/7.1 Safari/537.85.10"
188.29.165.27 - - [24/Nov/2014:15:19:10 +0000] "GET /header-home.jpg HTTP/1.1" 200 145816 "http://www.alexion-ash-evening-lecture.com/" "Mozilla/5.0 (Macintosh; Intel Mac OS X 10_9_5) AppleWebKit/600.1.17 (KHTML, like Gecko) Version/7.1 Safari/537.85.10"
188.29.165.27 - - [24/Nov/2014:15:19:11 +0000] "GET /favicon.ico HTTP/1.1" 404 309 "http://www.alexion-ash-evening-lecture.com/" "Mozilla/5.0 (Macintosh; Intel Mac OS X 10_9_5) AppleWebKit/600.1.17 (KHTML, like Gecko) Version/7.1 Safari/537.85.10"
188.29.165.27 - - [24/Nov/2014:15:19:15 +0000] "GET /event.ics HTTP/1.1" 200 234 "http://www.alexion-ash-evening-lecture.com/" "Mozilla/5.0 (Macintosh; Intel Mac OS X 10_9_5) AppleWebKit/600.1.17 (KHTML, like Gecko) Version/7.1 Safari/537.85.10"
188.29.165.27 - - [24/Nov/2014:15:20:21 +0000] "GET /favicon.ico HTTP/1.1" 404 309 "-" "Mozilla/5.0 (Macintosh; Intel Mac OS X 10_9_5) AppleWebKit/537.36 (KHTML, like Gecko) Chrome/41.0.2228.2 Safari/537.36"
188.29.165.27 - - [24/Nov/2014:15:20:22 +0000] "GET /favicon.ico HTTP/1.1" 404 309 "-" "Mozilla/5.0 (Macintosh; Intel Mac OS X 10_9_5) AppleWebKit/537.36 (KHTML, like Gecko) Chrome/41.0.2228.2 Safari/537.36"
188.29.165.27 - - [24/Nov/2014:15:20:25 +0000] "GET /event.ics HTTP/1.1" 200 234 "-" "Mozilla/5.0 (Macintosh; Intel Mac OS X 10_9_5) AppleWebKit/537.36 (KHTML, like Gecko) Chrome/41.0.2228.2 Safari/537.36"
66.249.69.30 - - [24/Nov/2014:15:24:43 +0000] "GET /agenda.html HTTP/1.1" 304 - "-" "Mozilla/5.0 (compatible; Googlebot/2.1; +http://www.google.com/bot.html)"
66.249.69.62 - - [24/Nov/2014:16:51:48 +0000] "GET /agenda.html HTTP/1.1" 304 - "-" "Mozilla/5.0 (compatible; Googlebot/2.1; +http://www.google.com/bot.html)"
203.81.11.135 - - [24/Nov/2014:17:10:18 +0000] "GET / HTTP/1.0" 200 4300 "-" "Mozilla/4.0 (compatible; MSIE 8.0; Windows NT 5.1; Trident/4.0; Mozilla/4.0 (compatible; MSIE 6.0; Windows NT 5.1; SV1) ; InfoPath.2; .NET CLR 2.0.50727; .NET CLR 1.1.4322; .NET CLR 3.0.4506.2152; .NET CLR 3.5.30729)"
212.243.225.5 - - [24/Nov/2014:17:56:45 +0000] "GET / HTTP/1.1" 200 4300 "-" "Mozilla/5.0 (compatible; MSIE 9.0; Windows NT 6.1; WOW64; Trident/5.0)"
212.243.225.5 - - [24/Nov/2014:17:56:45 +0000] "GET /pnh.css HTTP/1.1" 200 3121 "http://www.alexion-ash-evening-lecture.com/" "Mozilla/5.0 (compatible; MSIE 9.0; Windows NT 6.1; WOW64; Trident/5.0)"
212.243.225.5 - - [24/Nov/2014:17:56:45 +0000] "GET /cal.png HTTP/1.1" 200 899 "http://www.alexion-ash-evening-lecture.com/" "Mozilla/5.0 (compatible; MSIE 9.0; Windows NT 6.1; WOW64; Trident/5.0)"
212.243.225.5 - - [24/Nov/2014:17:56:45 +0000] "GET /regis-peffault-sig.png HTTP/1.1" 200 17636 "http://www.alexion-ash-evening-lecture.com/" "Mozilla/5.0 (compatible; MSIE 9.0; Windows NT 6.1; WOW64; Trident/5.0)"
212.243.225.5 - - [24/Nov/2014:17:56:45 +0000] "GET /anita-hill-sig.png HTTP/1.1" 200 6260 "http://www.alexion-ash-evening-lecture.com/" "Mozilla/5.0 (compatible; MSIE 9.0; Windows NT 6.1; WOW64; Trident/5.0)"
212.243.225.5 - - [24/Nov/2014:17:56:45 +0000] "GET /active.png HTTP/1.1" 200 3305 "http://www.alexion-ash-evening-lecture.com/" "Mozilla/5.0 (compatible; MSIE 9.0; Windows NT 6.1; WOW64; Trident/5.0)"
212.243.225.5 - - [24/Nov/2014:17:56:45 +0000] "GET /header-home.jpg HTTP/1.1" 200 145816 "http://www.alexion-ash-evening-lecture.com/" "Mozilla/5.0 (compatible; MSIE 9.0; Windows NT 6.1; WOW64; Trident/5.0)"
212.243.225.5 - - [24/Nov/2014:17:56:46 +0000] "GET /favicon.ico HTTP/1.1" 404 309 "-" "Mozilla/5.0 (compatible; MSIE 9.0; Windows NT 6.1; WOW64; Trident/5.0)"
212.243.225.5 - - [24/Nov/2014:18:25:30 +0000] "GET /event.ics HTTP/1.1" 200 234 "http://www.alexion-ash-evening-lecture.com/venue.html" "Mozilla/5.0 (compatible; MSIE 9.0; Windows NT 6.1; WOW64; Trident/5.0)"
212.243.225.5 - - [24/Nov/2014:18:25:35 +0000] "GET /event.ics HTTP/1.1" 200 234 "http://www.alexion-ash-evening-lecture.com/venue.html" "Mozilla/5.0 (compatible; MSIE 9.0; Windows NT 6.1; WOW64; Trident/5.0)"
186.154.207.170 - - [24/Nov/2014:20:05:16 +0000] "GET / HTTP/1.1" 200 4300 "-" "Mozilla/5.0 (compatible; MSIE 9.0; Windows NT 6.1; WOW64; Trident/5.0)"
186.154.207.170 - - [24/Nov/2014:20:05:19 +0000] "GET /pnh.css HTTP/1.1" 200 3121 "http://www.alexion-ash-evening-lecture.com/" "Mozilla/5.0 (compatible; MSIE 9.0; Windows NT 6.1; WOW64; Trident/5.0)"
186.154.207.170 - - [24/Nov/2014:20:05:19 +0000] "GET /cal.png HTTP/1.1" 200 899 "http://www.alexion-ash-evening-lecture.com/" "Mozilla/5.0 (compatible; MSIE 9.0; Windows NT 6.1; WOW64; Trident/5.0)"
186.154.207.170 - - [24/Nov/2014:20:05:19 +0000] "GET /regis-peffault-sig.png HTTP/1.1" 200 17636 "http://www.alexion-ash-evening-lecture.com/" "Mozilla/5.0 (compatible; MSIE 9.0; Windows NT 6.1; WOW64; Trident/5.0)"
186.154.207.170 - - [24/Nov/2014:20:05:19 +0000] "GET /anita-hill-sig.png HTTP/1.1" 200 6260 "http://www.alexion-ash-evening-lecture.com/" "Mozilla/5.0 (compatible; MSIE 9.0; Windows NT 6.1; WOW64; Trident/5.0)"
186.154.207.170 - - [24/Nov/2014:20:05:20 +0000] "GET /active.png HTTP/1.1" 200 3305 "http://www.alexion-ash-evening-lecture.com/" "Mozilla/5.0 (compatible; MSIE 9.0; Windows NT 6.1; WOW64; Trident/5.0)"
186.154.207.170 - - [24/Nov/2014:20:05:20 +0000] "GET /header-home.jpg HTTP/1.1" 200 145816 "http://www.alexion-ash-evening-lecture.com/" "Mozilla/5.0 (compatible; MSIE 9.0; Windows NT 6.1; WOW64; Trident/5.0)"
186.154.207.170 - - [24/Nov/2014:20:05:21 +0000] "GET /favicon.ico HTTP/1.1" 404 309 "-" "Mozilla/5.0 (compatible; MSIE 9.0; Windows NT 6.1; WOW64; Trident/5.0)"
186.154.207.170 - - [24/Nov/2014:20:12:04 +0000] "GET /favicon.ico HTTP/1.1" 404 309 "-" "Mozilla/5.0 (compatible; MSIE 9.0; Windows NT 6.1; WOW64; Trident/5.0)"
186.154.207.170 - - [24/Nov/2014:20:14:16 +0000] "GET /event.ics HTTP/1.1" 200 234 "http://www.alexion-ash-evening-lecture.com/" "Mozilla/5.0 (compatible; MSIE 9.0; Windows NT 6.1; WOW64; Trident/5.0)"
203.81.11.135 - - [24/Nov/2014:20:53:13 +0000] "GET / HTTP/1.0" 200 4300 "-" "Mozilla/4.0 (compatible; MSIE 8.0; Windows NT 5.1; Trident/4.0; Mozilla/4.0 (compatible; MSIE 6.0; Windows NT 5.1; SV1) ; InfoPath.2; .NET CLR 2.0.50727; .NET CLR 1.1.4322; .NET CLR 3.0.4506.2152; .NET CLR 3.5.30729)"
66.249.69.46 - - [24/Nov/2014:22:06:18 +0000] "GET /robots.txt HTTP/1.1" 404 304 "-" "Mozilla/5.0 (compatible; Googlebot/2.1; +http://www.google.com/bot.html)"
66.249.69.62 - - [24/Nov/2014:22:06:18 +0000] "GET / HTTP/1.1" 200 4300 "-" "Googlebot/2.1 (+http://www.google.com/bot.html)"
203.81.11.135 - - [25/Nov/2014:00:31:15 +0000] "GET / HTTP/1.0" 200 4300 "-" "Mozilla/4.0 (compatible; MSIE 8.0; Windows NT 5.1; Trident/4.0; Mozilla/4.0 (compatible; MSIE 6.0; Windows NT 5.1; SV1) ; InfoPath.2; .NET CLR 2.0.50727; .NET CLR 1.1.4322; .NET CLR 3.0.4506.2152; .NET CLR 3.5.30729)"
112.121.92.100 - - [25/Nov/2014:02:19:14 +0000] "GET /data/fckeditor/editor/dialog/fck_about.html HTTP/1.0" 404 337 "http://alexion-ash-evening-lecture.com" "Mozilla/4.0 (compatible; MSIE 6.0; Windows NT 5.0; CustomExchangeBrowser; .NET CLR 1.1.4322)"
107.170.216.141 - - [25/Nov/2014:02:19:14 +0000] "GET /global/editors/fckeditor/editor/dialog/fck_about.html HTTP/1.1" 404 347 "http://alexion-ash-evening-lecture.com" "Mozilla/4.0 (compatible; MSIE 6.0; Windows NT 5.0; CustomExchangeBrowser; .NET CLR 1.1.4322)"
218.65.132.38 - - [25/Nov/2014:02:19:14 +0000] "GET /js/fckeditor/editor/dialog/fck_about.html HTTP/1.1" 404 335 "http://alexion-ash-evening-lecture.com" "Mozilla/4.0 (compatible; MSIE 6.0; Windows NT 5.0; CustomExchangeBrowser; .NET CLR 1.1.4322)"
118.26.147.119 - - [25/Nov/2014:02:19:14 +0000] "GET /app/webroot/js/fckeditor/editor/dialog/fck_about.html HTTP/1.0" 404 347 "http://alexion-ash-evening-lecture.com" "Mozilla/4.0 (compatible; MSIE 6.0; Windows NT 5.0; CustomExchangeBrowser; .NET CLR 1.1.4322)"
123.125.71.136 - - [25/Nov/2014:02:19:15 +0000] "GET /admin/js/fckeditor/editor/dialog/fck_about.html HTTP/1.1" 404 341 "http://alexion-ash-evening-lecture.com" "Mozilla/4.0 (compatible; MSIE 6.0; Windows NT 5.0; CustomExchangeBrowser; .NET CLR 1.1.4322)"
221.183.16.219 - - [25/Nov/2014:02:19:15 +0000] "GET /scripts/fckeditor/editor/dialog/fck_about.html HTTP/1.0" 404 340 "http://alexion-ash-evening-lecture.com" "Mozilla/4.0 (compatible; MSIE 6.0; Windows NT 5.0; CustomExchangeBrowser; .NET CLR 1.1.4322)"
117.177.240.33 - - [25/Nov/2014:02:19:15 +0000] "GET /newsletters/admin/fckeditor/editor/dialog/fck_about.html HTTP/1.1" 404 350 "http://alexion-ash-evening-lecture.com" "Mozilla/4.0 (compatible; MSIE 6.0; Windows NT 5.0; CustomExchangeBrowser; .NET CLR 1.1.4322)"
222.88.236.236 - - [25/Nov/2014:02:19:15 +0000] "GET http://alexion-ash-evening-lecture.com/resources/fckeditor/editor/dialog/fck_about.html HTTP/1.1" 404 342 "http://alexion-ash-evening-lecture.com" "Mozilla/4.0 (compatible; MSIE 6.0; Windows NT 5.0; CustomExchangeBrowser; .NET CLR 1.1.4322)"
124.231.136.6 - - [25/Nov/2014:02:19:16 +0000] "GET /admin/fckeditor/editor/dialog/fck_about.html HTTP/1.1" 404 338 "http://alexion-ash-evening-lecture.com" "Mozilla/4.0 (compatible; MSIE 6.0; Windows NT 5.0; CustomExchangeBrowser; .NET CLR 1.1.4322)"
222.88.236.236 - - [25/Nov/2014:02:19:17 +0000] "GET http://alexion-ash-evening-lecture.com/library/fckeditor/editor/dialog/fck_about.html HTTP/1.1" 404 340 "http://alexion-ash-evening-lecture.com" "Mozilla/4.0 (compatible; MSIE 6.0; Windows NT 5.0; CustomExchangeBrowser; .NET CLR 1.1.4322)"
222.88.236.236 - - [25/Nov/2014:02:19:17 +0000] "GET http://alexion-ash-evening-lecture.com/app/js/fckeditor/editor/dialog/fck_about.html HTTP/1.1" 404 339 "http://alexion-ash-evening-lecture.com" "Mozilla/4.0 (compatible; MSIE 6.0; Windows NT 5.0; CustomExchangeBrowser; .NET CLR 1.1.4322)"
120.202.249.202 - - [25/Nov/2014:02:19:17 +0000] "GET /fckeditor/editor/dialog/fck_about.html HTTP/1.1" 404 332 "http://alexion-ash-evening-lecture.com" "Mozilla/4.0 (compatible; MSIE 6.0; Windows NT 5.0; CustomExchangeBrowser; .NET CLR 1.1.4322)"
118.26.147.119 - - [25/Nov/2014:02:19:17 +0000] "GET /modules/fckeditor/editor/dialog/fck_about.html HTTP/1.0" 404 340 "http://alexion-ash-evening-lecture.com" "Mozilla/4.0 (compatible; MSIE 6.0; Windows NT 5.0; CustomExchangeBrowser; .NET CLR 1.1.4322)"
106.187.95.193 - - [25/Nov/2014:02:19:17 +0000] "GET /include/fckeditor/editor/dialog/fck_about.html HTTP/1.0" 404 340 "http://alexion-ash-evening-lecture.com" "Mozilla/4.0 (compatible; MSIE 6.0; Windows NT 5.0; CustomExchangeBrowser; .NET CLR 1.1.4322)"
220.181.51.54 - - [25/Nov/2014:02:19:18 +0000] "GET /scripts/ajax/fckeditor/editor/dialog/fck_about.html HTTP/1.1" 404 345 "http://alexion-ash-evening-lecture.com" "Mozilla/4.0 (compatible; MSIE 6.0; Windows NT 5.0; CustomExchangeBrowser; .NET CLR 1.1.4322)"
74.94.168.113 - - [25/Nov/2014:02:19:20 +0000] "GET /admin/templates/fckeditor/editor/dialog/fck_about.html HTTP/1.1" 404 348 "http://alexion-ash-evening-lecture.com" "Mozilla/4.0 (compatible; MSIE 6.0; Windows NT 5.0; CustomExchangeBrowser; .NET CLR 1.1.4322)"
221.183.16.219 - - [25/Nov/2014:02:19:23 +0000] "GET /news/fckeditor/editor/dialog/fck_about.html HTTP/1.0" 404 337 "http://alexion-ash-evening-lecture.com" "Mozilla/4.0 (compatible; MSIE 6.0; Windows NT 5.0; CustomExchangeBrowser; .NET CLR 1.1.4322)"
202.75.19.22 - - [25/Nov/2014:02:19:23 +0000] "GET /lib/fckeditor/editor/dialog/fck_about.html HTTP/1.1" 404 336 "http://alexion-ash-evening-lecture.com" "Mozilla/4.0 (compatible; MSIE 6.0; Windows NT 5.0; CustomExchangeBrowser; .NET CLR 1.1.4322)"
180.183.237.10 - - [25/Nov/2014:02:19:25 +0000] "GET /marcozzi/fckeditor/editor/dialog/fck_about.html HTTP/1.1" 404 341 "http://alexion-ash-evening-lecture.com" "Mozilla/4.0 (compatible; MSIE 6.0; Windows NT 5.0; CustomExchangeBrowser; .NET CLR 1.1.4322)"
220.181.51.35 - - [25/Nov/2014:02:19:30 +0000] "GET /plugins/fckeditor/editor/dialog/fck_about.html HTTP/1.1" 404 340 "http://alexion-ash-evening-lecture.com" "Mozilla/4.0 (compatible; MSIE 6.0; Windows NT 5.0; CustomExchangeBrowser; .NET CLR 1.1.4322)"
107.170.216.141 - - [25/Nov/2014:02:19:32 +0000] "GET /application/fckeditor/editor/dialog/fck_about.html HTTP/1.1" 404 344 "http://alexion-ash-evening-lecture.com" "Mozilla/4.0 (compatible; MSIE 6.0; Windows NT 5.0; CustomExchangeBrowser; .NET CLR 1.1.4322)"
222.88.236.236 - - [25/Nov/2014:02:19:44 +0000] "GET http://alexion-ash-evening-lecture.com/html/js/editor/fckeditor/editor/dialog/fck_about.html HTTP/1.1" 404 347 "http://alexion-ash-evening-lecture.com" "Mozilla/4.0 (compatible; MSIE 6.0; Windows NT 5.0; CustomExchangeBrowser; .NET CLR 1.1.4322)"
211.99.26.11 - - [25/Nov/2014:02:19:44 +0000] "GET /manager/fckeditor/editor/dialog/fck_about.html HTTP/1.0" 404 340 "http://alexion-ash-evening-lecture.com" "Mozilla/4.0 (compatible; MSIE 6.0; Windows NT 5.0; CustomExchangeBrowser; .NET CLR 1.1.4322)"
222.88.236.236 - - [25/Nov/2014:02:19:47 +0000] "GET http://alexion-ash-evening-lecture.com/newsletter/admin/fckeditor/editor/dialog/fck_about.html HTTP/1.1" 404 349 "http://alexion-ash-evening-lecture.com" "Mozilla/4.0 (compatible; MSIE 6.0; Windows NT 5.0; CustomExchangeBrowser; .NET CLR 1.1.4322)"
111.13.2.132 - - [25/Nov/2014:02:20:09 +0000] "GET /newsletter/admin/fckeditor/editor/dialog/fck_about.html HTTP/1.1" 404 349 "http://alexion-ash-evening-lecture.com" "Mozilla/4.0 (compatible; MSIE 6.0; Windows NT 5.0; CustomExchangeBrowser; .NET CLR 1.1.4322)"
183.207.228.14 - - [25/Nov/2014:02:20:23 +0000] "GET /html/js/editor/fckeditor/editor/dialog/fck_about.html HTTP/1.1" 404 347 "http://alexion-ash-evening-lecture.com" "Mozilla/4.0 (compatible; MSIE 6.0; Windows NT 5.0; CustomExchangeBrowser; .NET CLR 1.1.4322)"
203.81.11.135 - - [25/Nov/2014:04:10:42 +0000] "GET / HTTP/1.0" 200 4300 "-" "Mozilla/4.0 (compatible; MSIE 8.0; Windows NT 5.1; Trident/4.0; Mozilla/4.0 (compatible; MSIE 6.0; Windows NT 5.1; SV1) ; InfoPath.2; .NET CLR 2.0.50727; .NET CLR 1.1.4322; .NET CLR 3.0.4506.2152; .NET CLR 3.5.30729)"
66.249.69.46 - - [25/Nov/2014:04:34:18 +0000] "GET /agenda.html HTTP/1.1" 200 3213 "-" "Mozilla/5.0 (compatible; Googlebot/2.1; +http://www.google.com/bot.html)"
66.249.69.62 - - [25/Nov/2014:04:40:59 +0000] "GET /venue.html HTTP/1.1" 200 3355 "-" "Mozilla/5.0 (compatible; Googlebot/2.1; +http://www.google.com/bot.html)"
66.249.69.62 - - [25/Nov/2014:05:53:20 +0000] "GET / HTTP/1.1" 200 4300 "-" "Mozilla/5.0 (compatible; Googlebot/2.1; +http://www.google.com/bot.html)"
203.81.11.135 - - [25/Nov/2014:07:44:31 +0000] "GET / HTTP/1.0" 200 4300 "-" "Mozilla/4.0 (compatible; MSIE 8.0; Windows NT 5.1; Trident/4.0; Mozilla/4.0 (compatible; MSIE 6.0; Windows NT 5.1; SV1) ; InfoPath.2; .NET CLR 2.0.50727; .NET CLR 1.1.4322; .NET CLR 3.0.4506.2152; .NET CLR 3.5.30729)"
76.124.2.82 - - [25/Nov/2014:07:45:42 +0000] "GET / HTTP/1.1" 200 4300 "-" "-"
85.24.130.77 - - [25/Nov/2014:08:01:31 +0000] "GET / HTTP/1.1" 200 4300 "-" "Mozilla/5.0 (compatible; MSIE 9.0; Windows NT 6.1; WOW64; Trident/5.0)"
85.24.130.77 - - [25/Nov/2014:08:01:32 +0000] "GET /pnh.css HTTP/1.1" 200 3121 "http://www.alexion-ash-evening-lecture.com/" "Mozilla/5.0 (compatible; MSIE 9.0; Windows NT 6.1; WOW64; Trident/5.0)"
85.24.130.77 - - [25/Nov/2014:08:01:32 +0000] "GET /cal.png HTTP/1.1" 200 899 "http://www.alexion-ash-evening-lecture.com/" "Mozilla/5.0 (compatible; MSIE 9.0; Windows NT 6.1; WOW64; Trident/5.0)"
85.24.130.77 - - [25/Nov/2014:08:01:32 +0000] "GET /regis-peffault-sig.png HTTP/1.1" 200 17636 "http://www.alexion-ash-evening-lecture.com/" "Mozilla/5.0 (compatible; MSIE 9.0; Windows NT 6.1; WOW64; Trident/5.0)"
85.24.130.77 - - [25/Nov/2014:08:01:32 +0000] "GET /anita-hill-sig.png HTTP/1.1" 200 6260 "http://www.alexion-ash-evening-lecture.com/" "Mozilla/5.0 (compatible; MSIE 9.0; Windows NT 6.1; WOW64; Trident/5.0)"
85.24.130.77 - - [25/Nov/2014:08:01:32 +0000] "GET /active.png HTTP/1.1" 200 3305 "http://www.alexion-ash-evening-lecture.com/" "Mozilla/5.0 (compatible; MSIE 9.0; Windows NT 6.1; WOW64; Trident/5.0)"
85.24.130.77 - - [25/Nov/2014:08:01:32 +0000] "GET /header-home.jpg HTTP/1.1" 200 145816 "http://www.alexion-ash-evening-lecture.com/" "Mozilla/5.0 (compatible; MSIE 9.0; Windows NT 6.1; WOW64; Trident/5.0)"
85.24.130.77 - - [25/Nov/2014:08:01:33 +0000] "GET /favicon.ico HTTP/1.1" 404 309 "-" "Mozilla/5.0 (compatible; MSIE 9.0; Windows NT 6.1; WOW64; Trident/5.0)"
66.249.69.46 - - [25/Nov/2014:08:18:48 +0000] "GET /pnh.css HTTP/1.1" 200 3121 "-" "Mozilla/5.0 (compatible; Googlebot/2.1; +http://www.google.com/bot.html)"
85.24.130.77 - - [25/Nov/2014:08:27:57 +0000] "GET / HTTP/1.1" 200 4300 "-" "Mozilla/5.0 (compatible; MSIE 9.0; Windows NT 6.1; WOW64; Trident/5.0)"
85.24.130.77 - - [25/Nov/2014:08:27:57 +0000] "GET /pnh.css HTTP/1.1" 200 3121 "http://www.alexion-ash-evening-lecture.com/" "Mozilla/5.0 (compatible; MSIE 9.0; Windows NT 6.1; WOW64; Trident/5.0)"
85.24.130.77 - - [25/Nov/2014:08:27:57 +0000] "GET /anita-hill-sig.png HTTP/1.1" 200 6260 "http://www.alexion-ash-evening-lecture.com/" "Mozilla/5.0 (compatible; MSIE 9.0; Windows NT 6.1; WOW64; Trident/5.0)"
85.24.130.77 - - [25/Nov/2014:08:27:57 +0000] "GET /regis-peffault-sig.png HTTP/1.1" 200 17636 "http://www.alexion-ash-evening-lecture.com/" "Mozilla/5.0 (compatible; MSIE 9.0; Windows NT 6.1; WOW64; Trident/5.0)"
85.24.130.77 - - [25/Nov/2014:08:27:57 +0000] "GET /cal.png HTTP/1.1" 200 899 "http://www.alexion-ash-evening-lecture.com/" "Mozilla/5.0 (compatible; MSIE 9.0; Windows NT 6.1; WOW64; Trident/5.0)"
85.24.130.77 - - [25/Nov/2014:08:27:57 +0000] "GET /active.png HTTP/1.1" 200 3305 "http://www.alexion-ash-evening-lecture.com/" "Mozilla/5.0 (compatible; MSIE 9.0; Windows NT 6.1; WOW64; Trident/5.0)"
85.24.130.77 - - [25/Nov/2014:08:27:57 +0000] "GET /header-home.jpg HTTP/1.1" 200 145816 "http://www.alexion-ash-evening-lecture.com/" "Mozilla/5.0 (compatible; MSIE 9.0; Windows NT 6.1; WOW64; Trident/5.0)"
85.24.130.77 - - [25/Nov/2014:08:27:58 +0000] "GET /favicon.ico HTTP/1.1" 404 309 "-" "Mozilla/5.0 (compatible; MSIE 9.0; Windows NT 6.1; WOW64; Trident/5.0)"
85.24.130.77 - - [25/Nov/2014:08:32:15 +0000] "GET /favicon.ico HTTP/1.1" 404 309 "-" "Mozilla/5.0 (compatible; MSIE 9.0; Windows NT 6.1; WOW64; Trident/5.0)"
220.227.163.213 - - [25/Nov/2014:08:52:49 +0000] "GET / HTTP/1.1" 304 - "-" "Mozilla/5.0 (Windows NT 6.1; WOW64) AppleWebKit/537.36 (KHTML, like Gecko) Chrome/39.0.2171.65 Safari/537.36"
220.227.163.213 - - [25/Nov/2014:08:52:49 +0000] "GET /pnh.css HTTP/1.1" 304 - "http://alexion-ash-evening-lecture.com/" "Mozilla/5.0 (Windows NT 6.1; WOW64) AppleWebKit/537.36 (KHTML, like Gecko) Chrome/39.0.2171.65 Safari/537.36"
220.227.163.213 - - [25/Nov/2014:08:52:49 +0000] "GET /cal.png HTTP/1.1" 304 - "http://alexion-ash-evening-lecture.com/" "Mozilla/5.0 (Windows NT 6.1; WOW64) AppleWebKit/537.36 (KHTML, like Gecko) Chrome/39.0.2171.65 Safari/537.36"
220.227.163.213 - - [25/Nov/2014:08:52:49 +0000] "GET /anita-hill-sig.png HTTP/1.1" 304 - "http://alexion-ash-evening-lecture.com/" "Mozilla/5.0 (Windows NT 6.1; WOW64) AppleWebKit/537.36 (KHTML, like Gecko) Chrome/39.0.2171.65 Safari/537.36"
220.227.163.213 - - [25/Nov/2014:08:52:50 +0000] "GET /regis-peffault-sig.png HTTP/1.1" 304 - "http://alexion-ash-evening-lecture.com/" "Mozilla/5.0 (Windows NT 6.1; WOW64) AppleWebKit/537.36 (KHTML, like Gecko) Chrome/39.0.2171.65 Safari/537.36"
220.227.163.213 - - [25/Nov/2014:08:52:50 +0000] "GET /header-home.jpg HTTP/1.1" 304 - "http://alexion-ash-evening-lecture.com/pnh.css" "Mozilla/5.0 (Windows NT 6.1; WOW64) AppleWebKit/537.36 (KHTML, like Gecko) Chrome/39.0.2171.65 Safari/537.36"
220.227.163.213 - - [25/Nov/2014:08:52:50 +0000] "GET /active.png HTTP/1.1" 304 - "http://alexion-ash-evening-lecture.com/pnh.css" "Mozilla/5.0 (Windows NT 6.1; WOW64) AppleWebKit/537.36 (KHTML, like Gecko) Chrome/39.0.2171.65 Safari/537.36"
220.227.163.213 - - [25/Nov/2014:08:52:50 +0000] "GET /favicon.ico HTTP/1.1" 404 305 "-" "Mozilla/5.0 (Windows NT 6.1; WOW64) AppleWebKit/537.36 (KHTML, like Gecko) Chrome/39.0.2171.65 Safari/537.36"
220.227.163.213 - - [25/Nov/2014:08:52:51 +0000] "GET /event.ics HTTP/1.1" 200 234 "http://alexion-ash-evening-lecture.com/" "Mozilla/5.0 (Windows NT 6.1; WOW64) AppleWebKit/537.36 (KHTML, like Gecko) Chrome/39.0.2171.65 Safari/537.36"
93.51.249.66 - - [25/Nov/2014:08:57:40 +0000] "GET / HTTP/1.1" 200 4300 "-" "Mozilla/5.0 (compatible; MSIE 9.0; Windows NT 6.1; WOW64; Trident/5.0)"
93.51.249.66 - - [25/Nov/2014:08:57:40 +0000] "GET /pnh.css HTTP/1.1" 200 3121 "http://www.alexion-ash-evening-lecture.com/" "Mozilla/5.0 (compatible; MSIE 9.0; Windows NT 6.1; WOW64; Trident/5.0)"
93.51.249.66 - - [25/Nov/2014:08:57:40 +0000] "GET /anita-hill-sig.png HTTP/1.1" 200 6260 "http://www.alexion-ash-evening-lecture.com/" "Mozilla/5.0 (compatible; MSIE 9.0; Windows NT 6.1; WOW64; Trident/5.0)"
93.51.249.66 - - [25/Nov/2014:08:57:40 +0000] "GET /cal.png HTTP/1.1" 200 899 "http://www.alexion-ash-evening-lecture.com/" "Mozilla/5.0 (compatible; MSIE 9.0; Windows NT 6.1; WOW64; Trident/5.0)"
93.51.249.66 - - [25/Nov/2014:08:57:40 +0000] "GET /regis-peffault-sig.png HTTP/1.1" 200 17636 "http://www.alexion-ash-evening-lecture.com/" "Mozilla/5.0 (compatible; MSIE 9.0; Windows NT 6.1; WOW64; Trident/5.0)"
93.51.249.66 - - [25/Nov/2014:08:57:40 +0000] "GET /active.png HTTP/1.1" 200 3305 "http://www.alexion-ash-evening-lecture.com/" "Mozilla/5.0 (compatible; MSIE 9.0; Windows NT 6.1; WOW64; Trident/5.0)"
93.51.249.66 - - [25/Nov/2014:08:57:40 +0000] "GET /header-home.jpg HTTP/1.1" 200 145816 "http://www.alexion-ash-evening-lecture.com/" "Mozilla/5.0 (compatible; MSIE 9.0; Windows NT 6.1; WOW64; Trident/5.0)"
93.51.249.66 - - [25/Nov/2014:08:57:42 +0000] "GET /favicon.ico HTTP/1.1" 404 309 "-" "Mozilla/5.0 (compatible; MSIE 9.0; Windows NT 6.1; WOW64; Trident/5.0)"
66.249.69.30 - - [25/Nov/2014:09:28:36 +0000] "GET / HTTP/1.1" 200 4300 "-" "Googlebot/2.1 (+http://www.google.com/bot.html)"
212.243.225.5 - - [25/Nov/2014:10:14:27 +0000] "GET / HTTP/1.1" 304 - "-" "Mozilla/5.0 (compatible; MSIE 9.0; Windows NT 6.1; WOW64; Trident/5.0)"
212.243.225.5 - - [25/Nov/2014:10:14:27 +0000] "GET /pnh.css HTTP/1.1" 304 - "http://www.alexion-ash-evening-lecture.com/" "Mozilla/5.0 (compatible; MSIE 9.0; Windows NT 6.1; WOW64; Trident/5.0)"
212.243.225.5 - - [25/Nov/2014:10:14:27 +0000] "GET /regis-peffault-sig.png HTTP/1.1" 304 - "http://www.alexion-ash-evening-lecture.com/" "Mozilla/5.0 (compatible; MSIE 9.0; Windows NT 6.1; WOW64; Trident/5.0)"
212.243.225.5 - - [25/Nov/2014:10:14:27 +0000] "GET /header-home.jpg HTTP/1.1" 304 - "http://www.alexion-ash-evening-lecture.com/" "Mozilla/5.0 (compatible; MSIE 9.0; Windows NT 6.1; WOW64; Trident/5.0)"
220.227.163.213 - - [25/Nov/2014:11:00:57 +0000] "GET /event.ics HTTP/1.1" 200 722 "http://alexion-ash-evening-lecture.com/" "Mozilla/5.0 (Windows NT 6.1; WOW64) AppleWebKit/537.36 (KHTML, like Gecko) Chrome/39.0.2171.65 Safari/537.36"
80.227.155.148 - - [25/Nov/2014:11:13:12 +0000] "GET / HTTP/1.1" 200 4300 "-" "Mozilla/5.0 (Windows NT 6.1; WOW64) AppleWebKit/537.36 (KHTML, like Gecko) Chrome/39.0.2171.65 Safari/537.36"
50.57.68.9 - - [25/Nov/2014:11:13:12 +0000] "GET / HTTP/1.0" 200 4300 "-" "Mozilla/5.0 (Windows NT 6.1; WOW64; rv:33.0) Gecko/20100101 Firefox/33.0"
80.227.155.148 - - [25/Nov/2014:11:13:15 +0000] "GET /pnh.css HTTP/1.1" 200 3121 "http://www.alexion-ash-evening-lecture.com/" "Mozilla/5.0 (Windows NT 6.1; WOW64) AppleWebKit/537.36 (KHTML, like Gecko) Chrome/39.0.2171.65 Safari/537.36"
80.227.155.148 - - [25/Nov/2014:11:13:16 +0000] "GET /cal.png HTTP/1.1" 200 899 "http://www.alexion-ash-evening-lecture.com/" "Mozilla/5.0 (Windows NT 6.1; WOW64) AppleWebKit/537.36 (KHTML, like Gecko) Chrome/39.0.2171.65 Safari/537.36"
80.227.155.148 - - [25/Nov/2014:11:13:16 +0000] "GET /regis-peffault-sig.png HTTP/1.1" 200 17636 "http://www.alexion-ash-evening-lecture.com/" "Mozilla/5.0 (Windows NT 6.1; WOW64) AppleWebKit/537.36 (KHTML, like Gecko) Chrome/39.0.2171.65 Safari/537.36"
80.227.155.148 - - [25/Nov/2014:11:13:16 +0000] "GET /anita-hill-sig.png HTTP/1.1" 200 6260 "http://www.alexion-ash-evening-lecture.com/" "Mozilla/5.0 (Windows NT 6.1; WOW64) AppleWebKit/537.36 (KHTML, like Gecko) Chrome/39.0.2171.65 Safari/537.36"
80.227.155.148 - - [25/Nov/2014:11:13:16 +0000] "GET /active.png HTTP/1.1" 200 3305 "http://www.alexion-ash-evening-lecture.com/pnh.css" "Mozilla/5.0 (Windows NT 6.1; WOW64) AppleWebKit/537.36 (KHTML, like Gecko) Chrome/39.0.2171.65 Safari/537.36"
80.227.155.148 - - [25/Nov/2014:11:13:16 +0000] "GET /header-home.jpg HTTP/1.1" 200 145816 "http://www.alexion-ash-evening-lecture.com/pnh.css" "Mozilla/5.0 (Windows NT 6.1; WOW64) AppleWebKit/537.36 (KHTML, like Gecko) Chrome/39.0.2171.65 Safari/537.36"
80.227.155.148 - - [25/Nov/2014:11:13:18 +0000] "GET /favicon.ico HTTP/1.1" 404 309 "-" "Mozilla/5.0 (Windows NT 6.1; WOW64) AppleWebKit/537.36 (KHTML, like Gecko) Chrome/39.0.2171.65 Safari/537.36"
203.81.11.135 - - [25/Nov/2014:11:18:57 +0000] "GET / HTTP/1.0" 200 4300 "-" "Mozilla/4.0 (compatible; MSIE 8.0; Windows NT 5.1; Trident/4.0; Mozilla/4.0 (compatible; MSIE 6.0; Windows NT 5.1; SV1) ; InfoPath.2; .NET CLR 2.0.50727; .NET CLR 1.1.4322; .NET CLR 3.0.4506.2152; .NET CLR 3.5.30729)"
66.249.69.30 - - [25/Nov/2014:12:19:42 +0000] "GET /robots.txt HTTP/1.1" 404 304 "-" "Mozilla/5.0 (compatible; Googlebot/2.1; +http://www.google.com/bot.html)"
66.249.69.62 - - [25/Nov/2014:12:19:42 +0000] "GET /agenda.html HTTP/1.1" 304 - "-" "Mozilla/5.0 (compatible; Googlebot/2.1; +http://www.google.com/bot.html)"
66.249.69.46 - - [25/Nov/2014:13:47:31 +0000] "GET / HTTP/1.1" 304 - "-" "Mozilla/5.0 (compatible; Googlebot/2.1; +http://www.google.com/bot.html)"
203.81.11.135 - - [25/Nov/2014:15:05:32 +0000] "GET / HTTP/1.0" 200 4300 "-" "Mozilla/4.0 (compatible; MSIE 8.0; Windows NT 5.1; Trident/4.0; Mozilla/4.0 (compatible; MSIE 6.0; Windows NT 5.1; SV1) ; InfoPath.2; .NET CLR 2.0.50727; .NET CLR 1.1.4322; .NET CLR 3.0.4506.2152; .NET CLR 3.5.30729)"
70.25.75.33 - - [25/Nov/2014:15:08:54 +0000] "GET / HTTP/1.1" 200 4300 "-" "Mozilla/5.0 (Windows NT 6.1; WOW64) AppleWebKit/537.36 (KHTML, like Gecko) Chrome/39.0.2171.65 Safari/537.36"
70.25.75.33 - - [25/Nov/2014:15:08:54 +0000] "GET /pnh.css HTTP/1.1" 200 3121 "http://www.alexion-ash-evening-lecture.com/" "Mozilla/5.0 (Windows NT 6.1; WOW64) AppleWebKit/537.36 (KHTML, like Gecko) Chrome/39.0.2171.65 Safari/537.36"
70.25.75.33 - - [25/Nov/2014:15:08:54 +0000] "GET /cal.png HTTP/1.1" 200 899 "http://www.alexion-ash-evening-lecture.com/" "Mozilla/5.0 (Windows NT 6.1; WOW64) AppleWebKit/537.36 (KHTML, like Gecko) Chrome/39.0.2171.65 Safari/537.36"
70.25.75.33 - - [25/Nov/2014:15:08:54 +0000] "GET /anita-hill-sig.png HTTP/1.1" 200 6260 "http://www.alexion-ash-evening-lecture.com/" "Mozilla/5.0 (Windows NT 6.1; WOW64) AppleWebKit/537.36 (KHTML, like Gecko) Chrome/39.0.2171.65 Safari/537.36"
70.25.75.33 - - [25/Nov/2014:15:08:54 +0000] "GET /regis-peffault-sig.png HTTP/1.1" 200 17636 "http://www.alexion-ash-evening-lecture.com/" "Mozilla/5.0 (Windows NT 6.1; WOW64) AppleWebKit/537.36 (KHTML, like Gecko) Chrome/39.0.2171.65 Safari/537.36"
70.25.75.33 - - [25/Nov/2014:15:08:54 +0000] "GET /active.png HTTP/1.1" 200 3305 "http://www.alexion-ash-evening-lecture.com/pnh.css" "Mozilla/5.0 (Windows NT 6.1; WOW64) AppleWebKit/537.36 (KHTML, like Gecko) Chrome/39.0.2171.65 Safari/537.36"
70.25.75.33 - - [25/Nov/2014:15:08:54 +0000] "GET /header-home.jpg HTTP/1.1" 200 145816 "http://www.alexion-ash-evening-lecture.com/pnh.css" "Mozilla/5.0 (Windows NT 6.1; WOW64) AppleWebKit/537.36 (KHTML, like Gecko) Chrome/39.0.2171.65 Safari/537.36"
70.25.75.33 - - [25/Nov/2014:15:08:54 +0000] "GET /favicon.ico HTTP/1.1" 404 309 "-" "Mozilla/5.0 (Windows NT 6.1; WOW64) AppleWebKit/537.36 (KHTML, like Gecko) Chrome/39.0.2171.65 Safari/537.36"
80.15.12.123 - - [25/Nov/2014:15:42:42 +0000] "GET / HTTP/1.1" 200 4300 "-" "Mozilla/5.0 (Macintosh; Intel Mac OS X 10_8_5) AppleWebKit/536.30.1 (KHTML, like Gecko) Version/6.0.5 Safari/536.30.1"
80.15.12.123 - - [25/Nov/2014:15:42:42 +0000] "GET /pnh.css HTTP/1.1" 200 3121 "http://www.alexion-ash-evening-lecture.com/" "Mozilla/5.0 (Macintosh; Intel Mac OS X 10_8_5) AppleWebKit/536.30.1 (KHTML, like Gecko) Version/6.0.5 Safari/536.30.1"
80.15.12.123 - - [25/Nov/2014:15:42:42 +0000] "GET /cal.png HTTP/1.1" 200 899 "http://www.alexion-ash-evening-lecture.com/" "Mozilla/5.0 (Macintosh; Intel Mac OS X 10_8_5) AppleWebKit/536.30.1 (KHTML, like Gecko) Version/6.0.5 Safari/536.30.1"
80.15.12.123 - - [25/Nov/2014:15:42:42 +0000] "GET /anita-hill-sig.png HTTP/1.1" 200 6260 "http://www.alexion-ash-evening-lecture.com/" "Mozilla/5.0 (Macintosh; Intel Mac OS X 10_8_5) AppleWebKit/536.30.1 (KHTML, like Gecko) Version/6.0.5 Safari/536.30.1"
80.15.12.123 - - [25/Nov/2014:15:42:42 +0000] "GET /regis-peffault-sig.png HTTP/1.1" 200 17636 "http://www.alexion-ash-evening-lecture.com/" "Mozilla/5.0 (Macintosh; Intel Mac OS X 10_8_5) AppleWebKit/536.30.1 (KHTML, like Gecko) Version/6.0.5 Safari/536.30.1"
80.15.12.123 - - [25/Nov/2014:15:42:43 +0000] "GET /active.png HTTP/1.1" 200 3305 "http://www.alexion-ash-evening-lecture.com/" "Mozilla/5.0 (Macintosh; Intel Mac OS X 10_8_5) AppleWebKit/536.30.1 (KHTML, like Gecko) Version/6.0.5 Safari/536.30.1"
80.15.12.123 - - [25/Nov/2014:15:42:43 +0000] "GET /header-home.jpg HTTP/1.1" 200 145816 "http://www.alexion-ash-evening-lecture.com/" "Mozilla/5.0 (Macintosh; Intel Mac OS X 10_8_5) AppleWebKit/536.30.1 (KHTML, like Gecko) Version/6.0.5 Safari/536.30.1"
